
---- tests::parse_custom_headers stdout ----
Custom header part: MultiPart {
  headers: {
    content-disposition: form-data,
    Content-Type: text/plain,
    X-Custom-Meta: some-value,
    name: "custom",
  },
  data: Bytes(26 bytes) [
    70,
    105,
    101,
    108,
    100,
    32,
    119,
    105,
    116,
    104,
    32,
    99,
    117,
    115,
    116,
    111,
    109,
    32,
    104,
    101,
    97,
    100,
    101,
    114,
    115,
    46,
],
  content_type: text/plain,
  max_body_limit_until_file: 1024,
  max_file_size: 8192,
}

---- tests::parse_empty_field stdout ----
Empty field part: MultiPart {
  headers: {
    Content-Disposition: form-data,
    name: "empty_field",
  },
  data: None,
  content_type: None,
  max_body_limit_until_file: 1024,
  max_file_size: 8192,
}

---- tests::parse_multiple_files stdout ----
Multi-file part: MultiPart {
  headers: {
    filename: "a.txt",
    Content-Type: text/plain,
    Content-Disposition: form-data,
    name: "file1",
  },
  data: Bytes(20 bytes) [
    72,
    101,
    108,
    108,
    111,
    32,
    102,
    114,
    111,
    109,
    32,
    102,
    105,
    108,
    101,
    32,
    111,
    110,
    101,
    46,
],
  content_type: text/plain,
  max_body_limit_until_file: 1024,
  max_file_size: 8192,
}
Multi-file part: MultiPart {
  headers: {
    Content-Type: text/plain,
    filename: "b.txt",
    Content-Disposition: form-data,
    name: "file2",
  },
  data: Bytes(20 bytes) [
    72,
    101,
    108,
    108,
    111,
    32,
    102,
    114,
    111,
    109,
    32,
    102,
    105,
    108,
    101,
    32,
    116,
    119,
    111,
    46,
],
  content_type: text/plain,
  max_body_limit_until_file: 1024,
  max_file_size: 8192,
}

---- tests::parse_nested_multipart stdout ----
Here are the Nested parts MultiPart {
  headers: {
    Content-Disposition: form-data,
    name: "metadata",
    Content-Type: application/json,
  },
  data: Bytes(77 bytes) [
    123,
    34,
    117,
    115,
    101,
    114,
    95,
    105,
    100,
    34,
    58,
    32,
    52,
    56,
    50,
    49,
    44,
    32,
    34,
    97,
    99,
    116,
    105,
    111,
    110,
    34,
    58,
    32,
    34,
    98,
    117,
    108,
    107,
    95,
    117,
    112,
    108,
    111,
    97,
    100,
    34,
    44,
    32,
    34,
    116,
    97,
    103,
    115,
    34,
    58,
    32,
    91,
    34,
    105,
    110,
    118,
    111,
    105,
    99,
    101,
    34,
    44,
    32,
    34,
    50,
    48,
    50,
    54,
    34,
    44,
    32,
    34,
    113,
    51,
    34,
    93,
    125,
],
  content_type: application/json,
  max_body_limit_until_file: 1024,
  max_file_size: 8192,
}
Here are the Nested parts MultiPart {
  headers: {
    name: "description",
    Content-Disposition: form-data,
    charset: utf-8,
    Content-Type: text/plain,
  },
  data: Bytes(85 bytes) [
    84,
    104,
    105,
    115,
    32,
    117,
    112,
    108,
    111,
    97,
    100,
    32,
    99,
    111,
    110,
    116,
    97,
    105,
    110,
    115,
    32,
    97,
    32,
    113,
    117,
    97,
    114,
    116,
    101,
    114,
    108,
    121,
    32,
    105,
    110,
    118,
    111,
    105,
    99,
    101,
    32,
    98,
    97,
    116,
    99,
    104,
    32,
    97,
    108,
    111,
    110,
    103,
    32,
    119,
    105,
    116,
    104,
    32,
    105,
    116,
    115,
    32,
    115,
    117,
    112,
    112,
    111,
    114,
    116,
    105,
    110,
    103,
    32,
    97,
    116,
    116,
    97,
    99,
    104,
    109,
    101,
    110,
    116,
    115,
    46,
],
  content_type: text/plain,
  max_body_limit_until_file: 1024,
  max_file_size: 8192,
}
Here are the Nested parts MultiPart {
  headers: {
    Content-Disposition: attachment,
    filename: "invoice_q3.pdf",
    Content-Type: application/pdf,
  },
  data: Bytes(63 bytes) [
    37,
    80,
    68,
    70,
    45,
    49,
    46,
    52,
    10,
    49,
    32,
    48,
    32,
    111,
    98,
    106,
    10,
    60,
    60,
    32,
    47,
    84,
    121,
    112,
    101,
    32,
    47,
    67,
    97,
    116,
    97,
    108,
    111,
    103,
    32,
    47,
    80,
    97,
    103,
    101,
    115,
    32,
    50,
    32,
    48,
    32,
    82,
    32,
    62,
    62,
    10,
    101,
    110,
    100,
    111,
    98,
    106,
    10,
    37,
    37,
    69,
    79,
    70,
],
  content_type: application/pdf,
  max_body_limit_until_file: 1024,
  max_file_size: 8192,
}
Here are the Nested parts MultiPart {
  headers: {
    Content-Type: image/png,
    Content-Disposition: attachment,
    filename: "receipt_scan.png",
  },
  data: Bytes(28 bytes) [
    255,
    216,
    255,
    224,
    0,
    16,
    74,
    70,
    73,
    70,
    0,
    1,
    1,
    1,
    0,
    96,
    0,
    96,
    0,
    0,
    255,
    219,
    0,
    67,
    0,
    8,
    6,
    6,
],
  content_type: image/png,
  max_body_limit_until_file: 1024,
  max_file_size: 8192,
}
Here are the Nested parts MultiPart {
  headers: {
    filename: "notes.txt",
    Content-Disposition: attachment,
    Content-Type: text/plain,
    charset: utf-8,
  },
  data: Bytes(81 bytes) [
    83,
    99,
    97,
    110,
    110,
    101,
    100,
    32,
    114,
    101,
    99,
    101,
    105,
    112,
    116,
    32,
    105,
    115,
    32,
    115,
    108,
    105,
    103,
    104,
    116,
    108,
    121,
    32,
    102,
    97,
    100,
    101,
    100,
    32,
    111,
    110,
    32,
    116,
    104,
    101,
    32,
    116,
    111,
    112,
    45,
    108,
    101,
    102,
    116,
    32,
    99,
    111,
    114,
    110,
    101,
    114,
    44,
    32,
    98,
    117,
    116,
    32,
    116,
    111,
    116,
    97,
    108,
    115,
    32,
    97,
    114,
    101,
    32,
    108,
    101,
    103,
    105,
    98,
    108,
    101,
    46,
],
  content_type: text/plain,
  max_body_limit_until_file: 1024,
  max_file_size: 8192,
}
Here are the Nested parts MultiPart {
  headers: {
    boundary: InnerBoundary1d5e8b41,
    Content-Type: multipart/mixed,
    name: "attachments",
    Content-Disposition: form-data,
  },
  data: None,
  content_type: multipart/mixed,
  max_body_limit_until_file: 1024,
  max_file_size: 8192,
}
Here are the Nested parts MultiPart {
  headers: {
    Content-Type: text/plain,
    charset: utf-8,
    name: "submitted_by",
    Content-Disposition: form-data,
  },
  data: Bytes(20 bytes) [
    106,
    97,
    110,
    101,
    46,
    100,
    111,
    101,
    64,
    101,
    120,
    97,
    109,
    112,
    108,
    101,
    46,
    99,
    111,
    109,
],
  content_type: text/plain,
  max_body_limit_until_file: 1024,
  max_file_size: 8192,
}

---- tests::parse_simple_multipart stdout ----
Here are the parts MultiPart {
  headers: {
    name: "username",
    Content-Disposition: form-data,
  },
  data: Bytes(8 bytes) [
    106,
    111,
    104,
    110,
    95,
    100,
    111,
    101,
],
  content_type: None,
  max_body_limit_until_file: 1024,
  max_file_size: 8192,
}
Here are the parts MultiPart {
  headers: {
    Content-Type: image/jpeg,
    Content-Disposition: form-data,
    filename: "profile.jpg",
    name: "profile_picture",
  },
  data: Bytes(28 bytes) [
    255,
    216,
    255,
    224,
    0,
    16,
    74,
    70,
    73,
    70,
    0,
    1,
    1,
    1,
    0,
    96,
    0,
    96,
    0,
    0,
    255,
    219,
    0,
    67,
    0,
    8,
    6,
    6,
],
  content_type: image/jpeg,
  max_body_limit_until_file: 1024,
  max_file_size: 8192,
}
Here are the parts MultiPart {
  headers: {
    Content-Type: application/json,
    name: "metadata",
    Content-Disposition: form-data,
  },
  data: Bytes(35 bytes) [
    123,
    34,
    97,
    103,
    101,
    34,
    58,
    32,
    51,
    48,
    44,
    32,
    34,
    108,
    111,
    99,
    97,
    116,
    105,
    111,
    110,
    34,
    58,
    32,
    34,
    78,
    101,
    119,
    32,
    89,
    111,
    114,
    107,
    34,
    125,
],
  content_type: application/json,
  max_body_limit_until_file: 1024,
  max_file_size: 8192,
}

---- tests::parse_unicode_field stdout ----
Unicode part: MultiPart {
  headers: {
    Content-Type: text/plain,
    Content-Disposition: form-data,
    charset: utf-8,
    name: "greeting",
  },
  data: Bytes(19 bytes) [
    228,
    189,
    160,
    229,
    165,
    189,
    44,
    32,
    119,
    111,
    114,
    108,
    100,
    33,
    32,
    240,
    159,
    140,
    141,
],
  content_type: text/plain,
  max_body_limit_until_file: 1024,
  max_file_size: 8192,
}

---- tests::parse_large_field_promotes_to_file stdout ----
Large field part: MultiPart {
  headers: {
    Content-Disposition: form-data,
    name: "big_text",
    Content-Type: text/plain,
  },
  data: File(20000 bytes, path="/home/prasang/rust-repo/multipart_parser/temp_files/multipart3mNO08.tmp"),
  content_type: text/plain,
  max_body_limit_until_file: 1024,
  max_file_size: 8192,
}


successes:
    tests::parse_custom_headers
    tests::parse_empty_field
    tests::parse_large_field_promotes_to_file
    tests::parse_multiple_files
    tests::parse_nested_multipart
    tests::parse_simple_multipart
    tests::parse_unicode_field

test result: ok. 7 passed; 0 failed; 0 ignored; 0 measured; 0 filtered out; finished in 0.00s

   Doc-tests multipart_parser

running 0 tests

successes:

successes:

test result: ok. 0 passed; 0 failed; 0 ignored; 0 measured; 0 filtered out; finished in 0.00s

